cmd.exe : PASS test/web_scraper/scraper.test.ts
At line:1 char:1
+ cmd.exe /c "npx jest --verbose" > jest_output.txt 2>&1
+ ~~~~~~~~~~~~~~~~~~~~~~~~~~~~~~~~~~~~~~~~~~~~~~~~~~~~~~
    + CategoryInfo          : NotSpecified: (PASS test/web_scraper/scraper.test.ts:String) [], RemoteException
    + FullyQualifiedErrorId : NativeCommandError
 
  Web Scraper
    ΓêÜ should extract correct elements matching a keyword (11 ms)

  console.log
    Γùç injected env (1) from .env // tip: Γùê encrypted .env [www.dotenvx.com]

      at _log (node_modules/dotenv/lib/main.js:131:11)

PASS test/src/classes/exceptions/index.test.ts
  Exceptions
    ΓêÜ BaseException generates a valid UUID and sets properties correctly (5 ms)
    ΓêÜ BaseException defaults to true operational
    ΓêÜ NavigationException defaults to true operational and custom message (1 ms)
    ΓêÜ NavigationException handles string error properly (1 ms)

{
  message: [32m'No active browser to cancel.'[39m,
  level: [32m'info'[39m,
  timestamp: [32m'2026-06-19 18:49:03'[39m
}
{
  message: [32m'Target URL: https://test.com'[39m,
  level: [32m'info'[39m,
  timestamp: [32m'2026-06-19 18:49:03'[39m
}
{
  message: [32m'Found local Google Chrome at: C:\\Program Files\\Google\\Chrome\\Application\\chrome.exe'[39m,
  level: [32m'info'[39m,
  timestamp: [32m'2026-06-19 18:49:03'[39m
}
{
  message: [32m'Launching browser...'[39m,
  level: [32m'info'[39m,
  timestamp: [32m'2026-06-19 18:49:03'[39m
}
{
  message: [32m'Cancelling automation: closing browser...'[39m,
  level: [32m'info'[39m,
  timestamp: [32m'2026-06-19 18:49:03'[39m
}
{
  message: [32m'Target URL: https://test.com'[39m,
  level: [32m'info'[39m,
  timestamp: [32m'2026-06-19 18:49:03'[39m
}
{
  message: [32m"Local Google Chrome not found in standard paths. Falling back to Puppeteer's bundled browser."[39m,
  level: [32m'info'[39m,
  timestamp: [32m'2026-06-19 18:49:03'[39m
}
{
  message: [32m'Launching browser...'[39m,
  level: [32m'info'[39m,
  timestamp: [32m'2026-06-19 18:49:03'[39m
}
{
  message: [32m'Cancelling automation: closing browser...'[39m,
  level: [32m'info'[39m,
  timestamp: [32m'2026-06-19 18:49:03'[39m
}
{
  message: [32m'Target URL: https://test.com'[39m,
  level: [32m'info'[39m,
  timestamp: [32m'2026-06-19 18:49:03'[39m
}
{
  message: [32m"Local Google Chrome not found in standard paths. Falling back to Puppeteer's bundled browser."[39m,
  level: [32m'info'[39m,
  timestamp: [32m'2026-06-19 18:49:03'[39m
}
{
  message: [32m'Launching browser...'[39m,
  level: [32m'info'[39m,
  timestamp: [32m'2026-06-19 18:49:03'[39m
}
{
  message: [32m'Browser is already running.'[39m,
  level: [32m'info'[39m,
  timestamp: [32m'2026-06-19 18:49:03'[39m
}
{
  message: [32m'Cancelling automation: closing browser...'[39m,
  level: [32m'info'[39m,
  timestamp: [32m'2026-06-19 18:49:03'[39m
}
{
  message: [32m'No active browser to cancel.'[39m,
  level: [32m'info'[39m,
  timestamp: [32m'2026-06-19 18:49:03'[39m
}
{
  message: [32m'Target URL: https://test.com'[39m,
  level: [32m'info'[39m,
  timestamp: [32m'2026-06-19 18:49:03'[39m
}
{
  message: [32m"Local Google Chrome not found in standard paths. Falling back to Puppeteer's bundled browser."[39m,
  level: [32m'info'[39m,
  timestamp: [32m'2026-06-19 18:49:03'[39m
}
{
  message: [32m'Launching browser...'[39m,
  level: [32m'info'[39m,
  timestamp: [32m'2026-06-19 18:49:03'[39m
}
{
  message: [32m'Cancelling automation: closing browser...'[39m,
  level: [32m'info'[39m,
  timestamp: [32m'2026-06-19 18:49:03'[39m
}
{
  message: [32m'No active browser to cancel.'[39m,
  level: [32m'info'[39m,
  timestamp: [32m'2026-06-19 18:49:03'[39m
}
{
  message: [32m'Target URL: https://test.com'[39m,
  level: [32m'info'[39m,
  timestamp: [32m'2026-06-19 18:49:03'[39m
}
{
  message: [32m"Local Google Chrome not found in standard paths. Falling back to Puppeteer's bundled browser."[39m,
  level: [32m'info'[39m,
  timestamp: [32m'2026-06-19 18:49:03'[39m
}
{
  message: [32m'Launching browser...'[39m,
  level: [32m'info'[39m,
  timestamp: [32m'2026-06-19 18:49:03'[39m
}
{
  message: [32m'Cancelling automation: closing browser...'[39m,
  level: [32m'info'[39m,
  timestamp: [32m'2026-06-19 18:49:03'[39m
}
{
  message: [32m'No active browser to cancel.'[39m,
  level: [32m'info'[39m,
  timestamp: [32m'2026-06-19 18:49:03'[39m
}
{
  message: [32m'Target URL: https://test.com'[39m,
  level: [32m'info'[39m,
  timestamp: [32m'2026-06-19 18:49:03'[39m
}
{
  message: [32m"Local Google Chrome not found in standard paths. Falling back to Puppeteer's bundled browser."[39m,
  level: [32m'info'[39m,
  timestamp: [32m'2026-06-19 18:49:03'[39m
}
{
  message: [32m'Launching browser...'[39m,
  level: [32m'info'[39m,
  timestamp: [32m'2026-06-19 18:49:03'[39m
}
{
  message: [32m'Cancelling automation: closing browser...'[39m,
  level: [32m'info'[39m,
  timestamp: [32m'2026-06-19 18:49:03'[39m
}
{
  message: [32m'Puppeteer failed to close browser. Exiting node process: Error: Crash'[39m,
  level: [32m'error'[39m,
  timestamp: [32m'2026-06-19 18:49:03'[39m
}
{
  message: [32m'No active browser to cancel.'[39m,
  level: [32m'info'[39m,
  timestamp: [32m'2026-06-19 18:49:03'[39m
}
{
  message: [32m'No active browser to cancel.'[39m,
  level: [32m'info'[39m,
  timestamp: [32m'2026-06-19 18:49:03'[39m
}
{
  message: [32m'Target URL: https://test.com'[39m,
  level: [32m'info'[39m,
  timestamp: [32m'2026-06-19 18:49:03'[39m
}
{
  message: [32m'Found local Google Chrome at: C:\\Program Files\\Google\\Chrome\\Application\\chrome.exe'[39m,
  level: [32m'info'[39m,
  timestamp: [32m'2026-06-19 18:49:03'[39m
}
{
  message: [32m'Launching browser...'[39m,
  level: [32m'info'[39m,
  timestamp: [32m'2026-06-19 18:49:03'[39m
}
{
  message: [32m'Browser disconnected or closed.'[39m,
  level: [32m'info'[39m,
  timestamp: [32m'2026-06-19 18:49:03'[39m
}
{
  message: [32m'No active browser to cancel.'[39m,
  level: [32m'info'[39m,
  timestamp: [32m'2026-06-19 18:49:03'[39m
}
PASS test/src/browser/launcher.test.ts
  Browser Launcher
    ΓêÜ launchAndNavigate finds local chrome and launches successfully (12 ms)
    ΓêÜ launchAndNavigate uses bundled browser if local chrome is not found (2 ms)
    ΓêÜ launchAndNavigate does not launch a new browser if one is already active (3 ms)
    ΓêÜ launchAndNavigate creates a new page if no pages exist (2 ms)
    ΓêÜ launchAndNavigate throws NavigationException when navigation fails (14 ms)
    ΓêÜ cancelAutomation handles close exceptions and exits process (3 ms)
    ΓêÜ handles browser disconnect event (3 ms)

FAIL test/src/server.test.ts
  ΓùÅ Test suite failed to run

    [96mtest/src/server.test.ts[0m:[93m2[0m:[93m15[0m - [91merror[0m[90m TS2305: [0mModule '"../../src/server"' has no exported member 'server'.

    [7m2[0m import { app, server } from '../../src/server';
    [7m [0m [91m              ~~~~~~[0m

FAIL test/src/logger.test.ts
  ΓùÅ Test suite failed to run

    [96mtest/src/logger.test.ts[0m:[93m1[0m:[93m10[0m - [91merror[0m[90m TS2614: [0mModule '"../../src/logger"' has no exported member 'logger'. Did you mean to 
use 'import logger from "../../src/logger"' instead?

    [7m1[0m import { logger } from '../../src/logger';
    [7m [0m [91m         ~~~~~~[0m

  console.log
    Γùç injected env (1) from .env // tip: Γùê encrypted .env [www.dotenvx.com]

      at _log (node_modules/dotenv/lib/main.js:131:11)

{
  message: [32m'Received request to start automation from GUI.'[39m,
  level: [32m'info'[39m,
  timestamp: [32m'2026-06-19 18:49:03'[39m
}
{
  message: [32m'Automation completed successfully.'[39m,
  level: [32m'info'[39m,
  timestamp: [32m'2026-06-19 18:49:03'[39m
}
{
  message: [32m'Received request to start automation from GUI.'[39m,
  level: [32m'info'[39m,
  timestamp: [32m'2026-06-19 18:49:03'[39m
}
{
  level: [32m'error'[39m,
  id: [90mundefined[39m,
  name: [32m'Error'[39m,
  isOperational: [90mundefined[39m,
  timestamp: [32m'2026-06-19 18:49:03'[39m,
  message: [32m'Fail'[39m,
  stack: [32m'Error: Fail\n'[39m +
    [32m'    at Object.<anonymous> (C:\\Users\\geodo\\OneDrive\\Desktop\\Code\\Javascript\\go-trade\\test\\src\\gui\\routes.test.ts:19:72)\n'[39m +
    [32m'    at Promise.finally.completed (C:\\Users\\geodo\\OneDrive\\Desktop\\Code\\Javascript\\go-trade\\node_modules\\jest-circus\\build\\jestAdapterInit.js:1561:28)\n'[39m +
    [32m'    at new Promise (<anonymous>)\n'[39m +
    [32m'    at callAsyncCircusFn (C:\\Users\\geodo\\OneDrive\\Desktop\\Code\\Javascript\\go-trade\\node_modules\\jest-circus\\build\\jestAdapterInit.js:1501:10)\n'[39m +
    [32m'    at _callCircusTest (C:\\Users\\geodo\\OneDrive\\Desktop\\Code\\Javascript\\go-trade\\node_modules\\jest-circus\\build\\jestAdapterInit.js:1011:40)\n'[39m +
    [32m'    at processTicksAndRejections (node:internal/process/task_queues:103:5)\n'[39m +
    [32m'    at _runTest (C:\\Users\\geodo\\OneDrive\\Desktop\\Code\\Javascript\\go-trade\\node_modules\\jest-circus\\build\\jestAdapterInit.js:951:3)\n'[39m +
    [32m'    at C:\\Users\\geodo\\OneDrive\\Desktop\\Code\\Javascript\\go-trade\\node_modules\\jest-circus\\build\\jestAdapterInit.js:853:7\n'[39m +
    [32m'    at _runTestsForDescribeBlock (C:\\Users\\geodo\\OneDrive\\Desktop\\Code\\Javascript\\go-trade\\node_modules\\jest-circus\\build\\jestAdapterInit.js:866:11)\n'[39m +
    [32m'    at _runTestsForDescribeBlock (C:\\Users\\geodo\\OneDrive\\Desktop\\Code\\Javascript\\go-trade\\node_modules\\jest-circus\\build\\jestAdapterInit.js:861:11)\n'[39m +
    [32m'    at run (C:\\Users\\geodo\\OneDrive\\Desktop\\Code\\Javascript\\go-trade\\node_modules\\jest-circus\\build\\jestAdapterInit.js:765:3)\n'[39m +
    [32m'    at runAndTransformResultsToJestFormat (C:\\Users\\geodo\\OneDrive\\Desktop\\Code\\Javascript\\go-trade\\node_modules\\jest-circus\\build\\jestAdapterInit.js:1993:21)\n'[39m +
    [32m'    at jestAdapter (C:\\Users\\geodo\\OneDrive\\Desktop\\Code\\Javascript\\go-trade\\node_modules\\jest-circus\\build\\runner.js:111:19)\n'[39m +
    [32m'    at runTestInternal (C:\\Users\\geodo\\OneDrive\\Desktop\\Code\\Javascript\\go-trade\\node_modules\\jest-runner\\build\\testWorker.js:276:16)\n'[39m +
    [32m'    at runTest (C:\\Users\\geodo\\OneDrive\\Desktop\\Code\\Javascript\\go-trade\\node_modules\\jest-runner\\build\\testWorker.js:344:7)\n'[39m +
    [32m'    at Object.worker (C:\\Users\\geodo\\OneDrive\\Desktop\\Code\\Javascript\\go-trade\\node_modules\\jest-runner\\build\\testWorker.js:498:12)'[39m
}
{
  message: [32m'Received request to cancel automation from GUI.'[39m,
  level: [32m'info'[39m,
  timestamp: [32m'2026-06-19 18:49:03'[39m
}
{
  message: [32m'Received request to cancel automation from GUI.'[39m,
  level: [32m'info'[39m,
  timestamp: [32m'2026-06-19 18:49:03'[39m
}
{
  level: [32m'error'[39m,
  id: [90mundefined[39m,
  name: [32m'Error'[39m,
  isOperational: [90mundefined[39m,
  timestamp: [32m'2026-06-19 18:49:03'[39m,
  message: [32m'Fail'[39m,
  stack: [32m'Error: Fail\n'[39m +
    [32m'    at Object.<anonymous> (C:\\Users\\geodo\\OneDrive\\Desktop\\Code\\Javascript\\go-trade\\test\\src\\gui\\routes.test.ts:33:71)\n'[39m +
    [32m'    at Promise.finally.completed (C:\\Users\\geodo\\OneDrive\\Desktop\\Code\\Javascript\\go-trade\\node_modules\\jest-circus\\build\\jestAdapterInit.js:1561:28)\n'[39m +
    [32m'    at new Promise (<anonymous>)\n'[39m +
    [32m'    at callAsyncCircusFn (C:\\Users\\geodo\\OneDrive\\Desktop\\Code\\Javascript\\go-trade\\node_modules\\jest-circus\\build\\jestAdapterInit.js:1501:10)\n'[39m +
    [32m'    at _callCircusTest (C:\\Users\\geodo\\OneDrive\\Desktop\\Code\\Javascript\\go-trade\\node_modules\\jest-circus\\build\\jestAdapterInit.js:1011:40)\n'[39m +
    [32m'    at processTicksAndRejections (node:internal/process/task_queues:103:5)\n'[39m +
    [32m'    at _runTest (C:\\Users\\geodo\\OneDrive\\Desktop\\Code\\Javascript\\go-trade\\node_modules\\jest-circus\\build\\jestAdapterInit.js:951:3)\n'[39m +
    [32m'    at C:\\Users\\geodo\\OneDrive\\Desktop\\Code\\Javascript\\go-trade\\node_modules\\jest-circus\\build\\jestAdapterInit.js:853:7\n'[39m +
    [32m'    at _runTestsForDescribeBlock (C:\\Users\\geodo\\OneDrive\\Desktop\\Code\\Javascript\\go-trade\\node_modules\\jest-circus\\build\\jestAdapterInit.js:866:11)\n'[39m +
    [32m'    at _runTestsForDescribeBlock (C:\\Users\\geodo\\OneDrive\\Desktop\\Code\\Javascript\\go-trade\\node_modules\\jest-circus\\build\\jestAdapterInit.js:861:11)\n'[39m +
    [32m'    at run (C:\\Users\\geodo\\OneDrive\\Desktop\\Code\\Javascript\\go-trade\\node_modules\\jest-circus\\build\\jestAdapterInit.js:765:3)\n'[39m +
    [32m'    at runAndTransformResultsToJestFormat (C:\\Users\\geodo\\OneDrive\\Desktop\\Code\\Javascript\\go-trade\\node_modules\\jest-circus\\build\\jestAdapterInit.js:1993:21)\n'[39m +
    [32m'    at jestAdapter (C:\\Users\\geodo\\OneDrive\\Desktop\\Code\\Javascript\\go-trade\\node_modules\\jest-circus\\build\\runner.js:111:19)\n'[39m +
    [32m'    at runTestInternal (C:\\Users\\geodo\\OneDrive\\Desktop\\Code\\Javascript\\go-trade\\node_modules\\jest-runner\\build\\testWorker.js:276:16)\n'[39m +
    [32m'    at runTest (C:\\Users\\geodo\\OneDrive\\Desktop\\Code\\Javascript\\go-trade\\node_modules\\jest-runner\\build\\testWorker.js:344:7)\n'[39m +
    [32m'    at Object.worker (C:\\Users\\geodo\\OneDrive\\Desktop\\Code\\Javascript\\go-trade\\node_modules\\jest-runner\\build\\testWorker.js:498:12)'[39m
}
PASS test/src/gui/routes.test.ts
  GUI API Routes
    ΓêÜ POST /api/start-automation should call launchAndNavigate (30 ms)
    ΓêÜ POST /api/start-automation should handle errors (12 ms)
    ΓêÜ POST /api/cancel-automation should call cancelAutomation (4 ms)
    ΓêÜ POST /api/cancel-automation should handle errors (6 ms)

-------------------------|---------|----------|---------|---------|-------------------
File                     | % Stmts | % Branch | % Funcs | % Lines | Uncovered Line #s 
-------------------------|---------|----------|---------|---------|-------------------
All files                |   87.59 |    58.49 |   66.66 |   88.28 |                   
 src                     |   90.47 |    76.92 |      60 |   90.47 |                   
  logger.ts              |     100 |    83.33 |     100 |     100 | 41,53             
  server.ts              |   81.81 |        0 |       0 |   81.81 | 16-17             
 src/browser             |     100 |      100 |     100 |     100 |                   
  launcher.ts            |     100 |      100 |     100 |     100 |                   
 src/classes/exceptions  |     100 |      100 |     100 |     100 |                   
  BaseException.ts       |     100 |      100 |     100 |     100 |                   
  NavigationException.ts |     100 |      100 |     100 |     100 |                   
  index.ts               |     100 |      100 |     100 |     100 |                   
 src/gui                 |     100 |      100 |     100 |     100 |                   
  routes.ts              |     100 |      100 |     100 |     100 |                   
 web_scraper             |   54.83 |       24 |      20 |   56.66 |                   
  scraper.ts             |   54.83 |       24 |      20 |   56.66 | 9-23,43-51        
-------------------------|---------|----------|---------|---------|-------------------
Test Suites: 2 failed, 4 passed, 6 total
Tests:       16 passed, 16 total
Snapshots:   0 total
Time:        4.703 s, estimated 5 s
Ran all test suites.
